[2026-03-23T20:54:51Z] 🚀 === FORGE PIPELINE v2 START: mgosal/Iron-Tech-Forge-Idea0 Issue #2 ===
[2026-03-23T20:54:52Z] 🔍 --- Stage 0: Indexing Codebase ---
Indexed repository context. Blank: true
[2026-03-23T20:54:52Z] 🏗️ --- Stage 1: Architect (Blank Repo) ---
[2026-03-23T20:55:19Z] ✅ Architect plan explicitly approved by human. Proceeding...
[2026-03-23T20:55:19Z] 💾 Architect plan approved...
[2026-03-23T20:55:19Z] 📥 --- Stage 2: Triager ---
[2026-03-23T20:55:55Z] ⏭️ Skipping Stage 2 Escalation: Architectural approval already found.
[2026-03-23T20:55:55Z] 🧑‍💻 --- Stage 3: Engineer Loop ---
[2026-03-23T20:55:55Z] ⚙️ Engineer attempt 1...
[2026-03-23T20:59:54Z] 💾 Engineer attempt 1...
[2026-03-23T20:59:54Z] ✅ Engineer succeeded on round 1.
[2026-03-23T20:59:54Z] 🧪 --- Stage 4: Test-Writer Loop ---
[2026-03-23T20:59:54Z] ⚙️ Test writer attempt 1...
[2026-03-23T21:00:04Z] 💾 Test-Writer attempt 1...
[2026-03-23T21:00:04Z] ⚙️ Test writer attempt 2...
[2026-03-23T21:01:22Z] 💾 Test-Writer attempt 2...
[2026-03-23T21:01:23Z] ⚙️ Test writer attempt 3...
[2026-03-23T21:02:32Z] 💾 Test-Writer attempt 3...
[2026-03-23T21:02:32Z] ❌ Test-Writer exhausted 3 retries.
[2026-03-23T21:02:49Z] PIPELINE PAUSED: Test-Writer Retry Exhaustion
[2026-03-23T21:03:35Z] 🚀 === FORGE PIPELINE v2 START: mgosal/Iron-Tech-Forge-Idea0 Issue #2 ===
[2026-03-23T21:03:36Z] Issue is waiting on human input. Skipping.
[2026-03-23T21:04:43Z] 🚀 === FORGE PIPELINE v2 START: mgosal/Iron-Tech-Forge-Idea0 Issue #2 ===
[2026-03-23T21:04:44Z] 🔍 --- Stage 0: Indexing Codebase ---
Indexed repository context. Blank: false
[2026-03-23T21:04:44Z] 📥 --- Stage 2: Triager ---
[2026-03-23T21:05:10Z] 🧑‍💻 --- Stage 3: Engineer Loop ---
[2026-03-23T21:05:10Z] ⚙️ Engineer attempt 1...
[2026-03-23T21:07:42Z] 🚀 === FORGE PIPELINE v2 START: mgosal/Iron-Tech-Forge-Idea0 Issue #2 ===
[2026-03-23T21:07:44Z] 🔍 --- Stage 0: Indexing Codebase ---
Indexed repository context. Blank: false
[2026-03-23T21:07:44Z] ⏭️ Skipping Stage 2: Triage already completed.
[2026-03-23T21:07:44Z] ⏭️ Skipping Stage 3: Engineer already succeeded.
[2026-03-23T21:07:44Z] 🧪 --- Stage 4: Test-Writer Loop ---
[2026-03-23T21:07:44Z] ⚙️ Test writer attempt 1...
[2026-03-23T21:09:03Z] 💾 Test-Writer attempt 1...
[2026-03-23T21:09:04Z] ⚙️ Test writer attempt 2...
[2026-03-23T21:11:11Z] 💾 Test-Writer attempt 2...
